// Jest Snapshot v1, https://goo.gl/fbAQLP

exports[`<Modal /> renders correctly 1`] = `
<Modal
  navigation={
    Object {
      "getParam": [MockFunction] {
        "calls": Array [
          Array [
            "component",
            [Function],
          ],
          Array [
            "props",
            Object {},
          ],
        ],
        "results": Array [
          Object {
            "isThrow": false,
            "value": [Function],
          },
          Object {
            "isThrow": false,
            "value": Object {
              "children": "lorem ipsum",
            },
          },
        ],
      },
    }
  }
>
  <Component
    style={
      Array [
        Object {
          "position": "absolute",
        },
        Object {
          "bottom": 0,
          "left": 0,
          "right": 0,
          "top": 0,
        },
      ]
    }
  >
    <View
      style={
        Array [
          Object {
            "position": "absolute",
          },
          Object {
            "bottom": 0,
            "left": 0,
            "right": 0,
            "top": 0,
          },
        ]
      }
    >
      <AnimatedComponent
        style={
          Array [
            Array [
              Object {
                "bottom": 0,
                "left": 0,
                "right": 0,
                "top": 0,
              },
              Object {
                "position": "absolute",
              },
              Object {
                "justifyContent": "center",
              },
              Object {
                "alignItems": "center",
              },
            ],
            Object {
              "backgroundColor": "rgba(34, 34, 34, 0.7)",
              "opacity": 0,
            },
          ]
        }
      >
        <Component
          style={
            Object {
              "alignItems": "center",
              "backgroundColor": "rgba(34, 34, 34, 0.7)",
              "bottom": 0,
              "justifyContent": "center",
              "left": 0,
              "opacity": 0,
              "position": "absolute",
              "right": 0,
              "top": 0,
            }
          }
        >
          <View
            style={
              Object {
                "alignItems": "center",
                "backgroundColor": "rgba(34, 34, 34, 0.7)",
                "bottom": 0,
                "justifyContent": "center",
                "left": 0,
                "opacity": 0,
                "position": "absolute",
                "right": 0,
                "top": 0,
              }
            }
          >
            <Component
              style={
                Array [
                  Object {
                    "position": "absolute",
                  },
                  Object {
                    "bottom": 0,
                    "left": 0,
                    "right": 0,
                    "top": 0,
                  },
                ]
              }
            >
              <View
                style={
                  Array [
                    Object {
                      "position": "absolute",
                    },
                    Object {
                      "bottom": 0,
                      "left": 0,
                      "right": 0,
                      "top": 0,
                    },
                  ]
                }
              >
                <TouchableWithoutFeedback
                  onPress={[Function]}
                >
                  <Component
                    accessible={true}
                    onResponderGrant={[Function]}
                    onResponderMove={[Function]}
                    onResponderRelease={[Function]}
                    onResponderTerminate={[Function]}
                    onResponderTerminationRequest={[Function]}
                    onStartShouldSetResponder={[Function]}
                    style={
                      Array [
                        Object {
                          "flex": 1,
                        },
                      ]
                    }
                  >
                    <View
                      accessible={true}
                      onResponderGrant={[Function]}
                      onResponderMove={[Function]}
                      onResponderRelease={[Function]}
                      onResponderTerminate={[Function]}
                      onResponderTerminationRequest={[Function]}
                      onStartShouldSetResponder={[Function]}
                      style={
                        Array [
                          Object {
                            "flex": 1,
                          },
                        ]
                      }
                    />
                  </Component>
                </TouchableWithoutFeedback>
              </View>
            </Component>
            <Component
              style={
                Array [
                  Object {
                    "paddingLeft": 19.5,
                  },
                  Object {
                    "paddingRight": 19.5,
                  },
                  Object {
                    "paddingBottom": 26,
                  },
                  Object {
                    "paddingTop": 26,
                  },
                  Object {
                    "backgroundColor": "#ffffff",
                  },
                  Object {
                    "alignItems": "center",
                  },
                  Object {
                    "borderRadius": 10,
                  },
                  Object {
                    "shadowColor": "#000000",
                    "shadowOffset": Object {
                      "height": 4,
                      "width": 2,
                    },
                    "shadowOpacity": 0.1,
                    "shadowRadius": 2,
                  },
                  Object {
                    "minWidth": 288,
                  },
                ]
              }
            >
              <View
                style={
                  Array [
                    Object {
                      "paddingLeft": 19.5,
                    },
                    Object {
                      "paddingRight": 19.5,
                    },
                    Object {
                      "paddingBottom": 26,
                    },
                    Object {
                      "paddingTop": 26,
                    },
                    Object {
                      "backgroundColor": "#ffffff",
                    },
                    Object {
                      "alignItems": "center",
                    },
                    Object {
                      "borderRadius": 10,
                    },
                    Object {
                      "shadowColor": "#000000",
                      "shadowOffset": Object {
                        "height": 4,
                        "width": 2,
                      },
                      "shadowOpacity": 0.1,
                      "shadowRadius": 2,
                    },
                    Object {
                      "minWidth": 288,
                    },
                  ]
                }
              >
                <Component
                  dismiss={[Function]}
                >
                  <Text
                    dismiss={[Function]}
                  >
                    lorem ipsum
                  </Text>
                </Component>
              </View>
            </Component>
          </View>
        </Component>
      </AnimatedComponent>
    </View>
  </Component>
</Modal>
`;
